/* 从Ob error code 到sqlstate的映射表，
 * { ob_error_code, jdbc_state, odbc_state }
 *
 * Constraint:
 * 1. 0 >= ob_error_code > OB_MAX_ERROR_CODE
 * 2. strlen(state) == 5
 */
OB_ADD_SQLSTATE(OB_TRANS_ROLLBACKED, "25S03", "25S03");
OB_ADD_SQLSTATE(OB_OBJ_TYPE_ERROR, "HY004", "S1000");
OB_ADD_SQLSTATE(OB_INVALID_ARGUMENT, "HY000", "S1000");
/* HY093 - invalid parameter number */
/* HY105 - invalid parameter type */
OB_ADD_SQLSTATE(OB_ARRAY_OUT_OF_RANGE, "HY000", "S1000");
/* out of range的东西很多，
 * HY106 - fetch type out of range,
 * HY107 - row value out of range,
 * HY108 - concurrency option out of range */
OB_ADD_SQLSTATE(OB_SERVER_LISTEN_ERROR, "HY000", "S1000");
OB_ADD_SQLSTATE(OB_INIT_TWICE, "HY000", "S1000");
OB_ADD_SQLSTATE(OB_NOT_INIT, "HY000", "S1000");
/* 这几个应该不会出现 */
OB_ADD_SQLSTATE(OB_NOT_SUPPORTED, "0A000", "S1000");
/* 0A000 - Feature not supported */
OB_ADD_SQLSTATE(OB_ITER_END, "HY000", "S1000");
/* 这个什么情况下会出现？？ */
OB_ADD_SQLSTATE(OB_IO_ERROR, "HY000", "S1000");
/* HY000 - General error */
OB_ADD_SQLSTATE(OB_ERROR_FUNC_VERSION, "HY000", "S1000");
/* 这个也不好分 */
OB_ADD_SQLSTATE(OB_PACKET_NOT_SENT, "HY000", "S1000");
OB_ADD_SQLSTATE(OB_RESPONSE_TIME_OUT, "HY000", "S1000");
OB_ADD_SQLSTATE(OB_ALLOCATE_MEMORY_FAILED, "HY001", "S1000");
/* HY001 - memory allocation error */
OB_ADD_SQLSTATE(OB_MEM_OVERFLOW, "HY001", "S1000");
/* HY001 - memory allocation error  不确定 */
OB_ADD_SQLSTATE(OB_ERR_SYS, "HY000", "S1000");
/* HY000 - General error */
OB_ADD_SQLSTATE(OB_ERR_UNEXPECTED, "HY000", "S1000");
/* HY000 - General error */
OB_ADD_SQLSTATE(OB_ENTRY_EXIST, "HY000", "S1000");
OB_ADD_SQLSTATE(OB_ENTRY_NOT_EXIST, "HY000", "S1000");

OB_ADD_SQLSTATE(OB_ERR_USER_EMPTY, "01007", "S1000");
OB_ADD_SQLSTATE(OB_ERR_USER_NOT_EXIST, "01007", "S1000");
OB_ADD_SQLSTATE(OB_ERR_USER_IS_LOCKED, "01007", "S1000");
OB_ADD_SQLSTATE(OB_ERR_WRONG_PASSWORD, "01007", "S1000");

OB_ADD_SQLSTATE(OB_SIZE_OVERFLOW, "HY000", "S1000");
/* 这个太泛了，如果是序列化的时候size overflow的话，不需要给客户端知道。如果是超过了某个类型的范围的话，标准sqlstate定义了两个overflow： */
/* 22008 - datetime field overflow */
/* 22015 - interval field overflow */
/* char和varchar还可能是这个： */
/* 22001 - string data, right truncation */
/* 01004 - string data, right truncation. (warning) */
OB_ADD_SQLSTATE(OB_REF_NUM_NOT_ZERO, "HY000", "S1000");
OB_ADD_SQLSTATE(OB_CONFLICT_VALUE, "HY000", "S1000");
OB_ADD_SQLSTATE(OB_ITEM_NOT_SETTED, "HY000", "S1000");
OB_ADD_SQLSTATE(OB_EAGAIN, "HY000", "S1000");
OB_ADD_SQLSTATE(OB_BUF_NOT_ENOUGH, "HY000", "S1000");
OB_ADD_SQLSTATE(OB_PARTIAL_FAILED, "HY000", "S1000");
OB_ADD_SQLSTATE(OB_READ_NOTHING, "02000", "S1000");
/* 02000 - No data */
OB_ADD_SQLSTATE(OB_FILE_NOT_EXIST, "HY000", "S1000");

OB_ADD_SQLSTATE(OB_DISCONTINUOUS_LOG, "HY000", "S1000");
OB_ADD_SQLSTATE(OB_SCHEMA_ERROR, "HY000", "S1000");
OB_ADD_SQLSTATE(OB_DATA_NOT_SERVE, "02000", "S1000");
/* 02000 - No data??? */
OB_ADD_SQLSTATE(OB_UNKNOWN_OBJ, "HY004", "S1000");
/* HY004 - invalid SQL data type */
OB_ADD_SQLSTATE(OB_NO_MONITOR_DATA, "02000", "S1000");
/* 02000 - No data */
OB_ADD_SQLSTATE(OB_SERIALIZE_ERROR, "HY000", "S1000");
OB_ADD_SQLSTATE(OB_DESERIALIZE_ERROR, "HY000", "S1000");

OB_ADD_SQLSTATE(OB_AIO_TIMEOUT, "HY000", "S1000");
OB_ADD_SQLSTATE(OB_NEED_RETRY, "HY000", "S1000"); // need retry
OB_ADD_SQLSTATE(OB_TOO_MANY_SSTABLE, "HY000", "S1000");
OB_ADD_SQLSTATE(OB_COND_CHECK_FAIL, "HY000", "S1000");
OB_ADD_SQLSTATE(OB_TOKEN_EXPIRED, "HY000", "S1000");
OB_ADD_SQLSTATE(OB_ENCRYPT_FAILED, "HY000", "S1000");
OB_ADD_SQLSTATE(OB_DECRYPT_FAILED, "HY000", "S1000");
OB_ADD_SQLSTATE(OB_USER_NOT_EXIST, "HY000", "S1000");

OB_ADD_SQLSTATE(OB_PASSWORD_WRONG, "42000", "S1000");
/* 42000 - Syntax error or access rule violation */
OB_ADD_SQLSTATE(OB_SKEY_VERSION_WRONG, "HY000", "S1000");
OB_ADD_SQLSTATE(OB_NOT_A_TOKEN, "HY000", "S1000");
OB_ADD_SQLSTATE(OB_NO_PERMISSION, "HY000", "S1000");

OB_ADD_SQLSTATE(OB_NOT_MASTER, "HY000", "S1000");
OB_ADD_SQLSTATE(OB_NOT_REGISTERED, "HY000", "S1000");
OB_ADD_SQLSTATE(OB_PROCESS_TIMEOUT, "HY000", "S1000");
OB_ADD_SQLSTATE(OB_NOT_THE_OBJECT, "HY000", "S1000");
OB_ADD_SQLSTATE(OB_ALREADY_REGISTERED, "HY000", "S1000");
OB_ADD_SQLSTATE(OB_LAST_LOG_RUINNED, "HY000", "S1000");
OB_ADD_SQLSTATE(OB_NO_CS_SELECTED, "HY000", "S1000");
OB_ADD_SQLSTATE(OB_NO_TABLETS_CREATED, "HY000", "S1000");
OB_ADD_SQLSTATE(OB_INVALID_ERROR, "HY000", "S1000");
OB_ADD_SQLSTATE(OB_CONN_ERROR, "08000", "S1000");
/* 08000 - Connection exception */
OB_ADD_SQLSTATE(OB_DECIMAL_OVERFLOW_WARN, "HY000", "S1000");
OB_ADD_SQLSTATE(OB_DECIMAL_UNLEGAL_ERROR, "HY000", "S1000");

OB_ADD_SQLSTATE(OB_OBJ_DIVIDE_BY_ZERO, "22012", "S1000");
/* 22012 - division by zero */
OB_ADD_SQLSTATE(OB_OBJ_DIVIDE_ERROR, "HY000", "S1000");
OB_ADD_SQLSTATE(OB_NOT_A_DECIMAL, "HY000", "S1000");
OB_ADD_SQLSTATE(OB_DECIMAL_PRECISION_NOT_EQUAL, "HY104", "S1000");
/* HY104 - invalid precision or scale value */

OB_ADD_SQLSTATE(OB_EMPTY_RANGE, "HY000", "S1000"); // get emptry range
OB_ADD_SQLSTATE(OB_SESSION_KILLED, "HY000", "S1000");
OB_ADD_SQLSTATE(OB_LOG_NOT_SYNC, "HY000", "S1000");
OB_ADD_SQLSTATE(OB_DIR_NOT_EXIST, "HY000", "S1000");
OB_ADD_SQLSTATE(OB_NET_SESSION_END, "HY000", "S1000");
OB_ADD_SQLSTATE(OB_INVALID_LOG, "HY000", "S1000");
OB_ADD_SQLSTATE(OB_FOR_PADDING, "HY000", "S1000");
OB_ADD_SQLSTATE(OB_INVALID_DATA, "HY000", "S1000");

OB_ADD_SQLSTATE(OB_ALREADY_DONE, "HY000", "S1000");
OB_ADD_SQLSTATE(OB_CANCELED, "HY000", "S1000");
OB_ADD_SQLSTATE(OB_LOG_SRC_CHANGED, "HY000", "S1000");
OB_ADD_SQLSTATE(OB_LOG_NOT_ALIGN, "HY000", "S1000");
OB_ADD_SQLSTATE(OB_LOG_MISSING, "HY000", "S1000");
OB_ADD_SQLSTATE(OB_NEED_WAIT, "HY000", "S1000");
OB_ADD_SQLSTATE(OB_NOT_IMPLEMENT, "0A000", "S1000");
/* 0A000 - Feature not supported */
OB_ADD_SQLSTATE(OB_DIVISION_BY_ZERO, "22012", "S1000");
/* 22012 - division by zero */
OB_ADD_SQLSTATE(OB_VALUE_OUT_OF_RANGE, "HY000", "S1000");
/* 22003 - numeric value out of range */
/* HY107 - row value out of range */
OB_ADD_SQLSTATE(OB_EXCEED_MEM_LIMIT, "HY013", "S1000");
/* HY013 - memory management error */
OB_ADD_SQLSTATE(OB_RESULT_UNKNOWN, "HY000", "S1000");
OB_ADD_SQLSTATE(OB_ERR_DATA_FORMAT, "HY000", "S1000");
/* 什么data的format错误？？ */
/* 22006 - invalid interval format */
/* 22007 - invalid datetime format */
OB_ADD_SQLSTATE(OB_MAYBE_LOOP, "HY000", "S1000");
OB_ADD_SQLSTATE(OB_NO_RESULT, "02000", "S1000");
/* 02000 - No data */
OB_ADD_SQLSTATE(OB_QUEUE_OVERFLOW, "HY000", "S1000");
OB_ADD_SQLSTATE(OB_READ_ZERO_LOG, "HY000", "S1000");
OB_ADD_SQLSTATE(OB_SWITCH_LOG_NOT_MATCH, "HY000", "S1000");

OB_ADD_SQLSTATE(OB_RPC_SEND_ERROR, "08000", "S1000");
OB_ADD_SQLSTATE(OB_RPC_POST_ERROR, "08000", "S1000");
OB_ADD_SQLSTATE(OB_LIBEASY_ERROR, "08000", "S1000");
OB_ADD_SQLSTATE(OB_CONNECT_ERROR, "08000", "S1000");
/* 08000 - Connection exception */

OB_ADD_SQLSTATE(OB_ERR_PARSER_INIT, "0B000", "S1000");
/* 0B000 - Invalid transaction initiation */
OB_ADD_SQLSTATE(OB_ERR_PARSE_SQL, "42000", "S1000");
/* 42000 Syntax error or access rule violation */
OB_ADD_SQLSTATE(OB_ERR_RESOLVE_SQL, "HY000", "S1000");
OB_ADD_SQLSTATE(OB_ERR_GEN_PLAN, "HY000", "S1000");
OB_ADD_SQLSTATE(OB_ERR_UNKNOWN_SYS_FUNC, "HY000", "S1000");
OB_ADD_SQLSTATE(OB_ERR_PARSER_MALLOC_FAILED, "HY001", "S1000");
/* HY001 - memory allocation error */
OB_ADD_SQLSTATE(OB_ERR_PARSER_SYNTAX, "HY000", "S1000");
OB_ADD_SQLSTATE(OB_ERR_COLUMN_SIZE, "HY000", "S1000");
/* 21000 Cardinality violation */
/* 21S01 - insert value list does not match column list */
/* 21S02 - degree of derived table does not match column list */
OB_ADD_SQLSTATE(OB_ERR_COLUMN_DUPLICATE, "42S21", "S1000");
/* 42S21 - column already exists */
OB_ADD_SQLSTATE(OB_ERR_COLUMN_UNKNOWN, "42S22", "S1000");
/* 42S22 - column not found */
OB_ADD_SQLSTATE(OB_ERR_OPERATOR_UNKNOWN, "21000", "S1000");
/* 21000 Cardinality violation */
OB_ADD_SQLSTATE(OB_ERR_STAR_DUPLICATE, "42000", "S1000");
/* 42000 Syntax error or access rule violation */
OB_ADD_SQLSTATE(OB_ERR_ILLEGAL_ID, "HY000", "S1000");
OB_ADD_SQLSTATE(OB_ERR_WRONG_POS, "HY000", "S1000");
OB_ADD_SQLSTATE(OB_ERR_ILLEGAL_VALUE, "HY000", "S1000");
OB_ADD_SQLSTATE(OB_ERR_COLUMN_AMBIGOUS, "42000", "S1000");
/* 42000 Syntax error or access rule violation */
OB_ADD_SQLSTATE(OB_ERR_LOGICAL_PLAN_FAILD, "HY000", "S1000");
OB_ADD_SQLSTATE(OB_ERR_SCHEMA_UNSET, "HY000", "S1000");
OB_ADD_SQLSTATE(OB_ERR_ILLEGAL_NAME, "42000", "S1000");
/* 42000 Syntax error or access rule violation */
OB_ADD_SQLSTATE(OB_ERR_TABLE_UNKNOWN, "42S02", "S1000");
/* 42S02 - base table or view not found */
OB_ADD_SQLSTATE(OB_ERR_TABLE_DUPLICATE, "42S01", "S1000");
/* 42S01 - base table or view already exists */
OB_ADD_SQLSTATE(OB_ERR_NAME_TRUNCATE, "HY000", "S1000");
OB_ADD_SQLSTATE(OB_ERR_EXPR_UNKNOWN, "42000", "S1000");
/* 42000 Syntax error or access rule violation */
OB_ADD_SQLSTATE(OB_ERR_ILLEGAL_TYPE, "S1004", "S1000");
/* S1004 - SQL data type out of range */
OB_ADD_SQLSTATE(OB_ERR_PRIMARY_KEY_DUPLICATE, "23000", "S1000");
/* 23000 Integrity constraint violation */
OB_ADD_SQLSTATE(OB_ERR_ALREADY_EXISTS, "42S01", "S1000");
/* OB 建表时表已存在返回 ERROR 5025 (42S01) */
/* MySQL 返回            ERROR 1050 (42S01) */
OB_ADD_SQLSTATE(OB_ERR_CREATETIME_DUPLICATE, "42000", "S1000");
/* 42000 Syntax error or access rule violation */
OB_ADD_SQLSTATE(OB_ERR_MODIFYTIME_DUPLICATE, "42000", "S1000");
/* 42000 Syntax error or access rule violation */
OB_ADD_SQLSTATE(OB_ERR_ILLEGAL_INDEX, "42S12", "S1000");
/* 42S12 - No such index? */
OB_ADD_SQLSTATE(OB_ERR_INVALID_SCHEMA, "HY000", "S1000");
/* 07000 - Cannot insert inner join column? */
OB_ADD_SQLSTATE(OB_ERR_INSERT_INNER_JOIN_COLUMN, "07000", "S1000");
/* S1002 - Invalid column number */
OB_ADD_SQLSTATE(OB_ERR_INVALID_COLUMN_NUM, "HY000", "S1002");
/* Init SQL context failed */
OB_ADD_SQLSTATE(OB_INIT_SQL_CONTEXT_ERROR, "HY000", "S1000");
/* using clause does not match dynamic parameter specifications */
OB_ADD_SQLSTATE(OB_ERR_WRONG_DYNAMIC_PARAM, "HY093", "S1093");
OB_ADD_SQLSTATE(OB_ERR_PREPARE_STMT_UNKNOWN, "HY007", "S1000");

/* kill query */
OB_ADD_SQLSTATE(OB_ERR_QUERY_INTERRUPTED, "70100", "S1000");

OB_ADD_SQLSTATE(OB_ERR_SERVER_IN_INIT, "08004", "08004");
